{
  "version": 1,
  "isRoot": true,
  "tools": {
    "ix.ixc": {
      "version": "11.11.11-alpha.50",
      "commands": [
        "ixc"
      ]
    }
  }
}